src/002_object_hint.php:3 PhanCompatibleNullableTypePHP71 Type 'object' is treated differently in starting in PHP 7.2. In PHP 7.1 and earlier, it refers to a class with the name 'object'.
