src/069_template_var.php:11 PhanUnusedVariable Unused definition of variable $a
src/069_template_var.php:12 PhanPluginDollarDollar $$ Variables are not allowed.
src/069_template_var.php:13 PhanTypeMismatchArgumentInternal Argument 1 (string) is T but \strlen() takes string
src/069_template_var.php:14 PhanTypeMismatchReturn Returning type array{0:T} but test_var_creation() is declared to return T
