src/094_shutdown_function.php:3 PhanUndeclaredFunctionInCallable Call to undeclared function notafunction in callable
src/094_shutdown_function.php:4 PhanUndeclaredClassInCallable Reference to undeclared class \MissingClass in callable \MissingClass::notafunction
