%s:9 PhanUndeclaredStaticMethod Static call to undeclared method \B::func3 (Did you mean self::func1() or self::func2())
