src/013_traits12.php:2 PhanAccessWrongInheritanceCategory Attempting to inherit Class \A defined at src/007_class_base_clause_2.php:3 as if it were a Trait
src/013_traits12.php:2 PhanRedefineClass Trait \A defined at src/013_traits12.php:2 was previously defined as Class \A at src/007_class_base_clause_2.php:3
src/013_traits12.php:3 PhanSyntaxError syntax error, unexpected 'insteadof' (T_INSTEADOF), expecting :: (T_PAAMAYIM_NEKUDOTAYIM)
