src/024_crash.php:5 PhanSyntaxError syntax error, unexpected '$notAFunction' (T_VARIABLE)
