%s:27 PhanUndeclaredMethod Call to undeclared method \A::z (Did you mean $this->f() or $this->g() or $this->h())
%s:28 PhanUndeclaredMethod Call to undeclared method \A::z (Did you mean $this->f() or $this->g() or $this->h())
