%s:6 PhanTypeMismatchArgument Argument 1 (p) is 42 but \f() takes string defined at %s:5
