%s:8 PhanTypeMismatchReturn Returning type int but returnInt() is declared to return string
%s:40 PhanTypeMismatchReturn Returning type \A but returnA() is declared to return \B
