%s:26 PhanTypeMismatchReturn Returning type object but returns_array() is declared to return array
