%s:22 PhanTypeMismatchArgumentInternal Argument 1 (numerator) is \stdClass but \intdiv() takes int
%s:23 PhanTypeMismatchProperty Assigning int to property but \A273::y is \stdClass
