%s:10 PhanParamSignatureRealMismatch Declaration of function foo() should be compatible with function foo() : void (reason: method returning '' cannot override method returning 'void') defined in %s:5
