%s:4 PhanNonClassMethodCall Call to method doSomething on non-class type bool|int
