%s:16 PhanTypeMismatchArgumentInternal Argument 1 (string) is \Node312|0 but \strlen() takes string
