%s:17 PhanTypeMismatchArgument Argument 1 (x) is array<int,float> but \MyNS\TemplateArray379::keys() takes array<int,string> defined at %s:9
