%s:11 PhanTypeMismatchArgument Argument 1 (options) is int[] but \test_options() takes string[] defined at %s:6
