%s:18 PhanUndeclaredMethod Call to undeclared method \A::c (Did you mean $this->b())
%s:23 PhanUndeclaredMethod Call to undeclared method \A::d (Did you mean $this->b())
%s:33 PhanUndeclaredMethod Call to undeclared method \A::missingMethod
%s:38 PhanUndeclaredMethod Call to undeclared method \A::otherMissingMethod
