%s:6 PhanTypeMismatchDimFetch When fetching an array index from a value of type array<int,mixed>, found an array index of type string, but expected the index to be of type int
%s:11 PhanTypeMismatchDimFetch When fetching an array index from a value of type array<int,mixed>, found an array index of type string, but expected the index to be of type int
%s:29 PhanTypeExpectedObjectPropAccess Expected an object instance when accessing an instance property, but saw an expression with type array|bool|float|int|null|string
%s:31 PhanTypeExpectedObjectPropAccess Expected an object instance when accessing an instance property, but saw an expression with type array|bool|float|int|null|string
