%s:8 PhanTypeSuspiciousEcho Suspicious argument Closure(int):void for an echo/print statement
%s:15 PhanTypeMismatchArgument Argument 1 (fn) is Closure(int,string):void but \expects_int_param() takes Closure(int):void defined at %s:6
%s:17 PhanTypeMismatchArgument Argument 1 (fn) is Closure(int&):void but \expects_int_param() takes Closure(int):void defined at %s:6
%s:28 PhanTypeMismatchArgument Argument 1 (fn) is Closure(int):void but \expects_optional_int_param() takes Closure(int=):void defined at %s:22
%s:31 PhanTypeMismatchArgument Argument 1 (fn) is Closure(int,string):void but \expects_optional_int_param() takes Closure(int=):void defined at %s:22
%s:32 PhanTypeMismatchArgument Argument 1 (fn) is Closure():void but \expects_optional_int_param() takes Closure(int=):void defined at %s:22
%s:33 PhanTypeMismatchArgument Argument 1 (fn) is Closure(int&=):void but \expects_optional_int_param() takes Closure(int=):void defined at %s:22
%s:48 PhanTypeMismatchArgument Argument 1 (fn) is Closure():array but \expects_int_return() takes Closure():int defined at %s:40
%s:49 PhanTypeMismatchArgument Argument 1 (fn) is Closure(array):int but \expects_int_return() takes Closure():int defined at %s:40
%s:58 PhanTypeMismatchArgument Argument 1 (fn) is Closure():void but \expects_int_param() takes Closure(int):void defined at %s:6
%s:59 PhanTypeMismatchArgument Argument 1 (fn) is Closure():void but \expects_int_return() takes Closure():int defined at %s:40
%s:67 PhanTypeMismatchArgument Argument 1 (fn) is Closure(mixed):void but \expects_void() takes Closure():void defined at %s:56
%s:68 PhanTypeMismatchArgument Argument 1 (fn) is Closure():int but \expects_void() takes Closure():void defined at %s:56
%s:69 PhanTypeMismatchArgument Argument 1 (fn) is Closure(int):void but \expects_void() takes Closure():void defined at %s:56
%s:80 PhanTypeMismatchArgument Argument 1 (fn) is Closure(int...):void but \expects_void_variadic() takes Closure(string...):void defined at %s:74
%s:82 PhanTypeMismatchArgument Argument 1 (fn) is Closure(string):void but \expects_void_variadic() takes Closure(string...):void defined at %s:74
