%s:34 PhanUndeclaredMethod Call to undeclared method \SubClass483::_baseMethod
%s:35 PhanUndeclaredMethod Call to undeclared method \SubClass483::_methodNotResemblingOtherMethods
%s:36 PhanUndeclaredStaticMethod Static call to undeclared method \SubClass483::_staticMethodNotResemblingOtherMethods
%s:37 PhanUndeclaredMethod Call to undeclared method \SubClass483::rivateMethodInSameClass (Did you mean $this->privateMethodInSameClass())
%s:38 PhanUndeclaredMethod Call to undeclared method \SubClass483::crotectedStaticMethodInSameClass (Did you mean self::protectedStaticMethodInSameClass())
%s:39 PhanUndeclaredStaticMethod Static call to undeclared method \SubClass483::_protectedStaticMethodInSameClass (Did you mean self::protectedStaticMethodInSameClass())
%s:41 PhanUndeclaredStaticMethod Static call to undeclared method \SubClass483::_magicMethod
%s:42 PhanUndeclaredMethod Call to undeclared method \SubClass483::_magicMethod (Did you mean $this->magicMethod())
%s:43 PhanUndeclaredStaticMethod Static call to undeclared method \SubClass483::_magicStaticMethod (Did you mean self::magicStaticMethod())
%s:44 PhanUndeclaredMethod Call to undeclared method \SubClass483::_magicStaticMethod (Did you mean self::magicStaticMethod())
