%s:11 PhanTypeMismatchProperty Assigning 2 to property but \Test504::prop is array{0:2}|int[]
%s:12 PhanTypeConversionFromArray array to string conversion
%s:13 PhanUndeclaredStaticProperty Static property 'propMissing' on \Test504 is undeclared
%s:14 PhanUndeclaredStaticProperty Static property 'otherMissingProp' on \Test504 is undeclared
